[INFO] Scanning for projects...
[INFO] 
[INFO] ------------------< com.example:notification-service >------------------
[INFO] Building notification-service 0.0.1-SNAPSHOT
[INFO]   from pom.xml
[INFO] --------------------------------[ jar ]---------------------------------
[INFO] 
[INFO] >>> spring-boot:3.1.5:run (default-cli) > test-compile @ notification-service >>>
[WARNING] 2 problems were encountered while building the effective model for org.apache.yetus:audience-annotations:jar:0.5.0 during dependency collection step for project (use -X to see details)
[INFO] 
[INFO] --- resources:3.3.1:resources (default-resources) @ notification-service ---
[INFO] Copying 1 resource from src\main\resources to target\classes
[INFO] Copying 0 resource from src\main\resources to target\classes
[INFO] 
[INFO] --- compiler:3.11.0:compile (default-compile) @ notification-service ---
[INFO] Nothing to compile - all classes are up to date
[INFO] 
[INFO] --- resources:3.3.1:testResources (default-testResources) @ notification-service ---
[INFO] skip non existing resourceDirectory C:\Users\abhis\Downloads\New folder\project\notification-service\src\test\resources
[INFO] 
[INFO] --- compiler:3.11.0:testCompile (default-testCompile) @ notification-service ---
[INFO] No sources to compile
[INFO] 
[INFO] <<< spring-boot:3.1.5:run (default-cli) < test-compile @ notification-service <<<
[INFO] 
[INFO] 
[INFO] --- spring-boot:3.1.5:run (default-cli) @ notification-service ---
[INFO] Attaching agents: []

  .   ____          _            __ _ _
 /\\ / ___'_ __ _ _(_)_ __  __ _ \ \ \ \
( ( )\___ | '_ | '_| | '_ \/ _` | \ \ \ \
 \\/  ___)| |_)| | | | | || (_| |  ) ) ) )
  '  |____| .__|_| |_|_| |_\__, | / / / /
 =========|_|==============|___/=/_/_/_/
 :: Spring Boot ::                (v3.1.5)

2026-10-03 14:27:07 - Starting NotificationServiceApplication using Java 25.0.4.1 with PID 4924 (C:\Users\abhis\Downloads\New folder\project\notification-service\target\classes started by abhis in C:\Users\abhis\Downloads\New folder\project\notification-service)
2026-10-03 14:27:07 - No active profile set, falling back to 1 default profile: "default"
2026-10-03 14:27:07 - Bootstrapping Spring Data JPA repositories in DEFAULT mode.
2026-10-03 14:27:08 - Finished Spring Data repository scanning in 63 ms. Found 1 JPA repository interfaces.
WARNING: A restricted method in java.lang.System has been called
WARNING: java.lang.System::load has been called by org.apache.tomcat.jni.Library in an unnamed module (file:/C:/Users/abhis/.m2/repository/org/apache/tomcat/embed/tomcat-embed-core/10.1.15/tomcat-embed-core-10.1.15.jar)
WARNING: Use --enable-native-access=ALL-UNNAMED to avoid a warning for callers in this module
WARNING: Restricted methods will be blocked in a future release unless native access is enabled

2026-10-03 14:27:08 - Tomcat initialized with port(s): 8083 (http)
2026-10-03 14:27:08 - Starting service [Tomcat]
2026-10-03 14:27:08 - Starting Servlet engine: [Apache Tomcat/10.1.15]
2026-10-03 14:27:08 - Initializing Spring embedded WebApplicationContext
2026-10-03 14:27:08 - Root WebApplicationContext: initialization completed in 1765 ms
2026-10-03 14:27:09 - HikariPool-1 - Starting...
2026-10-03 14:27:09 - HikariPool-1 - Added connection conn0: url=jdbc:h2:mem:notificationdb user=SA
2026-10-03 14:27:09 - HikariPool-1 - Start completed.
2026-10-03 14:27:09 - HHH000204: Processing PersistenceUnitInfo [name: default]
2026-10-03 14:27:09 - HHH000412: Hibernate ORM core version 6.2.13.Final
2026-10-03 14:27:09 - HHH000406: Using bytecode reflection optimizer
2026-10-03 14:27:09 - No LoadTimeWeaver setup: ignoring JPA class transformer
2026-10-03 14:27:10 - HHH90000025: H2Dialect does not need to be specified explicitly using 'hibernate.dialect' (remove the property setting and it will be selected by default)
2026-10-03 14:27:11 - HHH000489: No JTA platform available (set 'hibernate.transaction.jta.platform' to enable JTA platform integration)
2026-10-03 14:27:11 - Initialized JPA EntityManagerFactory for persistence unit 'default'
2026-10-03 14:27:11 - Exception encountered during context initialization - cancelling refresh attempt: org.springframework.beans.factory.BeanCreationException: Error creating bean with name 'transactionEventConsumer' defined in file [C:\Users\abhis\Downloads\New folder\project\notification-service\target\classes\com\example\notificationservice\consumer\TransactionEventConsumer.class]: Failed to instantiate [com.example.notificationservice.consumer.TransactionEventConsumer]: Constructor threw exception
2026-10-03 14:27:11 - Closing JPA EntityManagerFactory for persistence unit 'default'
2026-10-03 14:27:11 - HikariPool-1 - Shutdown initiated...
2026-10-03 14:27:11 - HikariPool-1 - Shutdown completed.
2026-10-03 14:27:11 - Stopping service [Tomcat]
2026-10-03 14:27:11 - 

Error starting ApplicationContext. To display the condition evaluation report re-run your application with 'debug' enabled.
2026-10-03 14:27:11 - Application run failed
org.springframework.beans.factory.BeanCreationException: Error creating bean with name 'transactionEventConsumer' defined in file [C:\Users\abhis\Downloads\New folder\project\notification-service\target\classes\com\example\notificationservice\consumer\TransactionEventConsumer.class]: Failed to instantiate [com.example.notificationservice.consumer.TransactionEventConsumer]: Constructor threw exception
	at org.springframework.beans.factory.support.AbstractAutowireCapableBeanFactory.instantiateBean(AbstractAutowireCapableBeanFactory.java:1314)
	at org.springframework.beans.factory.support.AbstractAutowireCapableBeanFactory.createBeanInstance(AbstractAutowireCapableBeanFactory.java:1199)
	at org.springframework.beans.factory.support.AbstractAutowireCapableBeanFactory.doCreateBean(AbstractAutowireCapableBeanFactory.java:560)
	at org.springframework.beans.factory.support.AbstractAutowireCapableBeanFactory.createBean(AbstractAutowireCapableBeanFactory.java:520)
	at org.springframework.beans.factory.support.AbstractBeanFactory.lambda$doGetBean$0(AbstractBeanFactory.java:325)
	at org.springframework.beans.factory.support.DefaultSingletonBeanRegistry.getSingleton(DefaultSingletonBeanRegistry.java:234)
	at org.springframework.beans.factory.support.AbstractBeanFactory.doGetBean(AbstractBeanFactory.java:323)
	at org.springframework.beans.factory.support.AbstractBeanFactory.getBean(AbstractBeanFactory.java:199)
	at org.springframework.beans.factory.support.DefaultListableBeanFactory.preInstantiateSingletons(DefaultListableBeanFactory.java:973)
	at org.springframework.context.support.AbstractApplicationContext.finishBeanFactoryInitialization(AbstractApplicationContext.java:950)
	at org.springframework.context.support.AbstractApplicationContext.refresh(AbstractApplicationContext.java:616)
	at org.springframework.boot.web.servlet.context.ServletWebServerApplicationContext.refresh(ServletWebServerApplicationContext.java:146)
	at org.springframework.boot.SpringApplication.refresh(SpringApplication.java:738)
	at org.springframework.boot.SpringApplication.refreshContext(SpringApplication.java:440)
	at org.springframework.boot.SpringApplication.run(SpringApplication.java:316)
	at org.springframework.boot.SpringApplication.run(SpringApplication.java:1306)
	at org.springframework.boot.SpringApplication.run(SpringApplication.java:1295)
	at com.example.notificationservice.NotificationServiceApplication.main(NotificationServiceApplication.java:9)
Caused by: org.springframework.beans.BeanInstantiationException: Failed to instantiate [com.example.notificationservice.consumer.TransactionEventConsumer]: Constructor threw exception
	at org.springframework.beans.BeanUtils.instantiateClass(BeanUtils.java:224)
	at org.springframework.beans.factory.support.SimpleInstantiationStrategy.instantiate(SimpleInstantiationStrategy.java:87)
	at org.springframework.beans.factory.support.AbstractAutowireCapableBeanFactory.instantiateBean(AbstractAutowireCapableBeanFactory.java:1308)
	... 17 common frames omitted
Caused by: java.lang.Error: Unresolved compilation problems: 
	The import com.example.transactionservice cannot be resolved
	The import com.example.notificationservice.model.Notification cannot be resolved
	The import com.example.notificationservice.repository cannot be resolved
	The import com.example.notificationservice.service cannot be resolved
	NotificationRepository cannot be resolved to a type
	NotificationService cannot be resolved to a type
	TransactionEvent cannot be resolved to a type
	TransactionEvent cannot be resolved to a type
	Notification cannot be resolved to a type
	Notification cannot be resolved to a type
	NotificationService cannot be resolved to a type
	Notification cannot be resolved to a type
	Notification cannot be resolved to a type
	NotificationService cannot be resolved to a type

	at com.example.notificationservice.consumer.TransactionEventConsumer.<init>(TransactionEventConsumer.java:3)
	at java.base/jdk.internal.reflect.DirectConstructorHandleAccessor.newInstance(DirectConstructorHandleAccessor.java:62)
	at java.base/java.lang.reflect.Constructor.newInstanceWithCaller(Constructor.java:499)
	at java.base/java.lang.reflect.Constructor.newInstance(Constructor.java:483)
	at org.springframework.beans.BeanUtils.instantiateClass(BeanUtils.java:198)
	... 19 common frames omitted
[INFO] ------------------------------------------------------------------------
[INFO] BUILD FAILURE
[INFO] ------------------------------------------------------------------------
[INFO] Total time:  8.895 s
[INFO] Finished at: 2026-10-03T14:27:11+05:30
[INFO] ------------------------------------------------------------------------
[ERROR] Failed to execute goal org.springframework.boot:spring-boot-maven-plugin:3.1.5:run (default-cli) on project notification-service: Process terminated with exit code: 1 -> [Help 1]
[ERROR] 
[ERROR] To see the full stack trace of the errors, re-run Maven with the -e switch.
[ERROR] Re-run Maven using the -X switch to enable full debug logging.
[ERROR] 
[ERROR] For more information about the errors and possible solutions, please read the following articles:
[ERROR] [Help 1] http://cwiki.apache.org/confluence/display/MAVEN/MojoExecutionException
