[INFO] Scanning for projects...
[INFO] 
[INFO] ------------------< com.example:transaction-service >-------------------
[INFO] Building transaction-service 0.0.1-SNAPSHOT
[INFO]   from pom.xml
[INFO] --------------------------------[ jar ]---------------------------------
[INFO] 
[INFO] >>> spring-boot:3.1.5:run (default-cli) > test-compile @ transaction-service >>>
[INFO] 
[INFO] --- resources:3.3.1:resources (default-resources) @ transaction-service ---
[INFO] Copying 1 resource from src\main\resources to target\classes
[INFO] Copying 0 resource from src\main\resources to target\classes
[INFO] 
[INFO] --- compiler:3.11.0:compile (default-compile) @ transaction-service ---
[INFO] Changes detected - recompiling the module! :input tree
[INFO] Compiling 12 source files with javac [debug release 17] to target\classes
[INFO] -------------------------------------------------------------
[ERROR] COMPILATION ERROR : 
[INFO] -------------------------------------------------------------
[ERROR] /C:/Users/abhis/Downloads/New folder/project/transaction-service/src/main/java/com/example/transactionservice/config/KafkaConfig.java:[3,41] package org.apache.kafka.clients.consumer does not exist
[ERROR] /C:/Users/abhis/Downloads/New folder/project/transaction-service/src/main/java/com/example/transactionservice/config/KafkaConfig.java:[4,45] package org.apache.kafka.common.serialization does not exist
[ERROR] /C:/Users/abhis/Downloads/New folder/project/transaction-service/src/main/java/com/example/transactionservice/config/KafkaConfig.java:[7,44] package org.springframework.kafka.annotation does not exist
[ERROR] /C:/Users/abhis/Downloads/New folder/project/transaction-service/src/main/java/com/example/transactionservice/config/KafkaConfig.java:[8,40] package org.springframework.kafka.config does not exist
[ERROR] /C:/Users/abhis/Downloads/New folder/project/transaction-service/src/main/java/com/example/transactionservice/config/KafkaConfig.java:[9,38] package org.springframework.kafka.core does not exist
[ERROR] /C:/Users/abhis/Downloads/New folder/project/transaction-service/src/main/java/com/example/transactionservice/config/KafkaConfig.java:[10,38] package org.springframework.kafka.core does not exist
[ERROR] /C:/Users/abhis/Downloads/New folder/project/transaction-service/src/main/java/com/example/transactionservice/config/KafkaConfig.java:[11,52] package org.springframework.kafka.support.serializer does not exist
[ERROR] /C:/Users/abhis/Downloads/New folder/project/transaction-service/src/main/java/com/example/transactionservice/config/KafkaConfig.java:[16,2] cannot find symbol
  symbol: class EnableKafka
[ERROR] /C:/Users/abhis/Downloads/New folder/project/transaction-service/src/main/java/com/example/transactionservice/config/KafkaConfig.java:[21,12] cannot find symbol
  symbol:   class ConsumerFactory
  location: class com.example.transactionservice.config.KafkaConfig
[ERROR] /C:/Users/abhis/Downloads/New folder/project/transaction-service/src/main/java/com/example/transactionservice/config/KafkaConfig.java:[32,12] cannot find symbol
  symbol:   class ConcurrentKafkaListenerContainerFactory
  location: class com.example.transactionservice.config.KafkaConfig
[ERROR] /C:/Users/abhis/Downloads/New folder/project/transaction-service/src/main/java/com/example/transactionservice/consumer/TransactionEventConsumer.java:[7,41] package org.apache.kafka.clients.consumer does not exist
[ERROR] /C:/Users/abhis/Downloads/New folder/project/transaction-service/src/main/java/com/example/transactionservice/consumer/TransactionEventConsumer.java:[9,44] package org.springframework.kafka.annotation does not exist
[ERROR] /C:/Users/abhis/Downloads/New folder/project/transaction-service/src/main/java/com/example/transactionservice/service/TransactionService.java:[6,41] package org.apache.kafka.clients.producer does not exist
[ERROR] /C:/Users/abhis/Downloads/New folder/project/transaction-service/src/main/java/com/example/transactionservice/service/TransactionService.java:[8,38] package org.springframework.kafka.core does not exist
[ERROR] /C:/Users/abhis/Downloads/New folder/project/transaction-service/src/main/java/com/example/transactionservice/consumer/TransactionEventConsumer.java:[22,41] cannot find symbol
  symbol:   class ConsumerRecord
  location: class com.example.transactionservice.consumer.TransactionEventConsumer
[ERROR] /C:/Users/abhis/Downloads/New folder/project/transaction-service/src/main/java/com/example/transactionservice/service/TransactionService.java:[20,13] cannot find symbol
  symbol:   class KafkaTemplate
  location: class com.example.transactionservice.service.TransactionService
[ERROR] /C:/Users/abhis/Downloads/New folder/project/transaction-service/src/main/java/com/example/transactionservice/consumer/TransactionEventConsumer.java:[21,6] cannot find symbol
  symbol:   class KafkaListener
  location: class com.example.transactionservice.consumer.TransactionEventConsumer
[ERROR] /C:/Users/abhis/Downloads/New folder/project/transaction-service/src/main/java/com/example/transactionservice/exception/TransactionExceptionHandler.java:[18,21] cannot find symbol
  symbol:   method setTimestamp(java.lang.String)
  location: variable errorDetails of type com.example.transactionservice.model.ErrorResponse
[ERROR] /C:/Users/abhis/Downloads/New folder/project/transaction-service/src/main/java/com/example/transactionservice/exception/TransactionExceptionHandler.java:[19,21] cannot find symbol
  symbol:   method setMessage(java.lang.String)
  location: variable errorDetails of type com.example.transactionservice.model.ErrorResponse
[ERROR] /C:/Users/abhis/Downloads/New folder/project/transaction-service/src/main/java/com/example/transactionservice/exception/TransactionExceptionHandler.java:[20,21] cannot find symbol
  symbol:   method setDetails(java.lang.String)
  location: variable errorDetails of type com.example.transactionservice.model.ErrorResponse
[ERROR] /C:/Users/abhis/Downloads/New folder/project/transaction-service/src/main/java/com/example/transactionservice/exception/TransactionExceptionHandler.java:[28,21] cannot find symbol
  symbol:   method setTimestamp(java.lang.String)
  location: variable errorDetails of type com.example.transactionservice.model.ErrorResponse
[ERROR] /C:/Users/abhis/Downloads/New folder/project/transaction-service/src/main/java/com/example/transactionservice/exception/TransactionExceptionHandler.java:[29,21] cannot find symbol
  symbol:   method setMessage(java.lang.String)
  location: variable errorDetails of type com.example.transactionservice.model.ErrorResponse
[ERROR] /C:/Users/abhis/Downloads/New folder/project/transaction-service/src/main/java/com/example/transactionservice/exception/TransactionExceptionHandler.java:[30,21] cannot find symbol
  symbol:   method setDetails(java.lang.String)
  location: variable errorDetails of type com.example.transactionservice.model.ErrorResponse
[ERROR] /C:/Users/abhis/Downloads/New folder/project/transaction-service/src/main/java/com/example/transactionservice/config/KafkaConfig.java:[23,19] cannot find symbol
  symbol:   variable ConsumerConfig
  location: class com.example.transactionservice.config.KafkaConfig
[ERROR] /C:/Users/abhis/Downloads/New folder/project/transaction-service/src/main/java/com/example/transactionservice/config/KafkaConfig.java:[24,19] cannot find symbol
  symbol:   variable ConsumerConfig
  location: class com.example.transactionservice.config.KafkaConfig
[ERROR] /C:/Users/abhis/Downloads/New folder/project/transaction-service/src/main/java/com/example/transactionservice/config/KafkaConfig.java:[25,19] cannot find symbol
  symbol:   variable ConsumerConfig
  location: class com.example.transactionservice.config.KafkaConfig
[ERROR] /C:/Users/abhis/Downloads/New folder/project/transaction-service/src/main/java/com/example/transactionservice/config/KafkaConfig.java:[25,65] cannot find symbol
  symbol:   class StringDeserializer
  location: class com.example.transactionservice.config.KafkaConfig
[ERROR] /C:/Users/abhis/Downloads/New folder/project/transaction-service/src/main/java/com/example/transactionservice/config/KafkaConfig.java:[26,19] cannot find symbol
  symbol:   variable ConsumerConfig
  location: class com.example.transactionservice.config.KafkaConfig
[ERROR] /C:/Users/abhis/Downloads/New folder/project/transaction-service/src/main/java/com/example/transactionservice/config/KafkaConfig.java:[26,67] cannot find symbol
  symbol:   class JsonDeserializer
  location: class com.example.transactionservice.config.KafkaConfig
[ERROR] /C:/Users/abhis/Downloads/New folder/project/transaction-service/src/main/java/com/example/transactionservice/config/KafkaConfig.java:[27,19] cannot find symbol
  symbol:   variable JsonDeserializer
  location: class com.example.transactionservice.config.KafkaConfig
[ERROR] /C:/Users/abhis/Downloads/New folder/project/transaction-service/src/main/java/com/example/transactionservice/config/KafkaConfig.java:[28,20] cannot find symbol
  symbol:   class DefaultKafkaConsumerFactory
  location: class com.example.transactionservice.config.KafkaConfig
[ERROR] /C:/Users/abhis/Downloads/New folder/project/transaction-service/src/main/java/com/example/transactionservice/config/KafkaConfig.java:[34,9] cannot find symbol
  symbol:   class ConcurrentKafkaListenerContainerFactory
  location: class com.example.transactionservice.config.KafkaConfig
[ERROR] /C:/Users/abhis/Downloads/New folder/project/transaction-service/src/main/java/com/example/transactionservice/config/KafkaConfig.java:[35,21] cannot find symbol
  symbol:   class ConcurrentKafkaListenerContainerFactory
  location: class com.example.transactionservice.config.KafkaConfig
[ERROR] /C:/Users/abhis/Downloads/New folder/project/transaction-service/src/main/java/com/example/transactionservice/consumer/TransactionEventConsumer.java:[24,66] cannot find symbol
  symbol:   method getEventType()
  location: variable event of type com.example.transactionservice.event.TransactionEvent
[ERROR] /C:/Users/abhis/Downloads/New folder/project/transaction-service/src/main/java/com/example/transactionservice/consumer/TransactionEventConsumer.java:[27,22] cannot find symbol
  symbol:   method getEventType()
  location: variable event of type com.example.transactionservice.event.TransactionEvent
[ERROR] /C:/Users/abhis/Downloads/New folder/project/transaction-service/src/main/java/com/example/transactionservice/consumer/TransactionEventConsumer.java:[31,60] cannot find symbol
  symbol:   method getTransactionId()
  location: variable event of type com.example.transactionservice.event.TransactionEvent
[ERROR] /C:/Users/abhis/Downloads/New folder/project/transaction-service/src/main/java/com/example/transactionservice/consumer/TransactionEventConsumer.java:[40,66] cannot find symbol
  symbol:   method getEventType()
  location: variable event of type com.example.transactionservice.event.TransactionEvent
[ERROR] /C:/Users/abhis/Downloads/New folder/project/transaction-service/src/main/java/com/example/transactionservice/service/TransactionService.java:[26,20] cannot find symbol
  symbol:   method setStatus(java.lang.String)
  location: variable transaction of type com.example.transactionservice.model.Transaction
[ERROR] /C:/Users/abhis/Downloads/New folder/project/transaction-service/src/main/java/com/example/transactionservice/service/TransactionService.java:[37,29] cannot find symbol
  symbol:   method getDescription()
  location: variable savedTransaction of type com.example.transactionservice.model.Transaction
[ERROR] /C:/Users/abhis/Downloads/New folder/project/transaction-service/src/main/java/com/example/transactionservice/service/TransactionService.java:[36,29] cannot find symbol
  symbol:   method getType()
  location: variable savedTransaction of type com.example.transactionservice.model.Transaction
[ERROR] /C:/Users/abhis/Downloads/New folder/project/transaction-service/src/main/java/com/example/transactionservice/service/TransactionService.java:[35,29] cannot find symbol
  symbol:   method getAmount()
  location: variable savedTransaction of type com.example.transactionservice.model.Transaction
[ERROR] /C:/Users/abhis/Downloads/New folder/project/transaction-service/src/main/java/com/example/transactionservice/service/TransactionService.java:[34,29] cannot find symbol
  symbol:   method getUserId()
  location: variable savedTransaction of type com.example.transactionservice.model.Transaction
[ERROR] /C:/Users/abhis/Downloads/New folder/project/transaction-service/src/main/java/com/example/transactionservice/service/TransactionService.java:[33,29] cannot find symbol
  symbol:   method getId()
  location: variable savedTransaction of type com.example.transactionservice.model.Transaction
[ERROR] /C:/Users/abhis/Downloads/New folder/project/transaction-service/src/main/java/com/example/transactionservice/service/TransactionService.java:[47,20] cannot find symbol
  symbol:   method setStatus(java.lang.String)
  location: variable transaction of type com.example.transactionservice.model.Transaction
[ERROR] /C:/Users/abhis/Downloads/New folder/project/transaction-service/src/main/java/com/example/transactionservice/service/TransactionService.java:[58,24] cannot find symbol
  symbol:   method getDescription()
  location: variable transaction of type com.example.transactionservice.model.Transaction
[ERROR] /C:/Users/abhis/Downloads/New folder/project/transaction-service/src/main/java/com/example/transactionservice/service/TransactionService.java:[57,24] cannot find symbol
  symbol:   method getType()
  location: variable transaction of type com.example.transactionservice.model.Transaction
[ERROR] /C:/Users/abhis/Downloads/New folder/project/transaction-service/src/main/java/com/example/transactionservice/service/TransactionService.java:[56,24] cannot find symbol
  symbol:   method getAmount()
  location: variable transaction of type com.example.transactionservice.model.Transaction
[ERROR] /C:/Users/abhis/Downloads/New folder/project/transaction-service/src/main/java/com/example/transactionservice/service/TransactionService.java:[55,24] cannot find symbol
  symbol:   method getUserId()
  location: variable transaction of type com.example.transactionservice.model.Transaction
[ERROR] /C:/Users/abhis/Downloads/New folder/project/transaction-service/src/main/java/com/example/transactionservice/service/TransactionService.java:[54,24] cannot find symbol
  symbol:   method getId()
  location: variable transaction of type com.example.transactionservice.model.Transaction
[ERROR] /C:/Users/abhis/Downloads/New folder/project/transaction-service/src/main/java/com/example/transactionservice/service/TransactionService.java:[66,20] cannot find symbol
  symbol:   method setStatus(java.lang.String)
  location: variable transaction of type com.example.transactionservice.model.Transaction
[ERROR] /C:/Users/abhis/Downloads/New folder/project/transaction-service/src/main/java/com/example/transactionservice/service/TransactionService.java:[77,24] cannot find symbol
  symbol:   method getDescription()
  location: variable transaction of type com.example.transactionservice.model.Transaction
[ERROR] /C:/Users/abhis/Downloads/New folder/project/transaction-service/src/main/java/com/example/transactionservice/service/TransactionService.java:[76,24] cannot find symbol
  symbol:   method getType()
  location: variable transaction of type com.example.transactionservice.model.Transaction
[ERROR] /C:/Users/abhis/Downloads/New folder/project/transaction-service/src/main/java/com/example/transactionservice/service/TransactionService.java:[75,24] cannot find symbol
  symbol:   method getAmount()
  location: variable transaction of type com.example.transactionservice.model.Transaction
[ERROR] /C:/Users/abhis/Downloads/New folder/project/transaction-service/src/main/java/com/example/transactionservice/service/TransactionService.java:[74,24] cannot find symbol
  symbol:   method getUserId()
  location: variable transaction of type com.example.transactionservice.model.Transaction
[ERROR] /C:/Users/abhis/Downloads/New folder/project/transaction-service/src/main/java/com/example/transactionservice/service/TransactionService.java:[73,24] cannot find symbol
  symbol:   method getId()
  location: variable transaction of type com.example.transactionservice.model.Transaction
[ERROR] /C:/Users/abhis/Downloads/New folder/project/transaction-service/src/main/java/com/example/transactionservice/filter/CorrelationIdFilter.java:[30,11] cannot find symbol
  symbol:   class HttpServletResponse
  location: class com.example.transactionservice.filter.CorrelationIdFilter
[INFO] 56 errors 
[INFO] -------------------------------------------------------------
[INFO] ------------------------------------------------------------------------
[INFO] BUILD FAILURE
[INFO] ------------------------------------------------------------------------
[INFO] Total time:  2.447 s
[INFO] Finished at: 2026-10-03T12:44:03+05:30
[INFO] ------------------------------------------------------------------------
[ERROR] Failed to execute goal org.apache.maven.plugins:maven-compiler-plugin:3.11.0:compile (default-compile) on project transaction-service: Compilation failure: Compilation failure: 
[ERROR] /C:/Users/abhis/Downloads/New folder/project/transaction-service/src/main/java/com/example/transactionservice/config/KafkaConfig.java:[3,41] package org.apache.kafka.clients.consumer does not exist
[ERROR] /C:/Users/abhis/Downloads/New folder/project/transaction-service/src/main/java/com/example/transactionservice/config/KafkaConfig.java:[4,45] package org.apache.kafka.common.serialization does not exist
[ERROR] /C:/Users/abhis/Downloads/New folder/project/transaction-service/src/main/java/com/example/transactionservice/config/KafkaConfig.java:[7,44] package org.springframework.kafka.annotation does not exist
[ERROR] /C:/Users/abhis/Downloads/New folder/project/transaction-service/src/main/java/com/example/transactionservice/config/KafkaConfig.java:[8,40] package org.springframework.kafka.config does not exist
[ERROR] /C:/Users/abhis/Downloads/New folder/project/transaction-service/src/main/java/com/example/transactionservice/config/KafkaConfig.java:[9,38] package org.springframework.kafka.core does not exist
[ERROR] /C:/Users/abhis/Downloads/New folder/project/transaction-service/src/main/java/com/example/transactionservice/config/KafkaConfig.java:[10,38] package org.springframework.kafka.core does not exist
[ERROR] /C:/Users/abhis/Downloads/New folder/project/transaction-service/src/main/java/com/example/transactionservice/config/KafkaConfig.java:[11,52] package org.springframework.kafka.support.serializer does not exist
[ERROR] /C:/Users/abhis/Downloads/New folder/project/transaction-service/src/main/java/com/example/transactionservice/config/KafkaConfig.java:[16,2] cannot find symbol
[ERROR]   symbol: class EnableKafka
[ERROR] /C:/Users/abhis/Downloads/New folder/project/transaction-service/src/main/java/com/example/transactionservice/config/KafkaConfig.java:[21,12] cannot find symbol
[ERROR]   symbol:   class ConsumerFactory
[ERROR]   location: class com.example.transactionservice.config.KafkaConfig
[ERROR] /C:/Users/abhis/Downloads/New folder/project/transaction-service/src/main/java/com/example/transactionservice/config/KafkaConfig.java:[32,12] cannot find symbol
[ERROR]   symbol:   class ConcurrentKafkaListenerContainerFactory
[ERROR]   location: class com.example.transactionservice.config.KafkaConfig
[ERROR] /C:/Users/abhis/Downloads/New folder/project/transaction-service/src/main/java/com/example/transactionservice/consumer/TransactionEventConsumer.java:[7,41] package org.apache.kafka.clients.consumer does not exist
[ERROR] /C:/Users/abhis/Downloads/New folder/project/transaction-service/src/main/java/com/example/transactionservice/consumer/TransactionEventConsumer.java:[9,44] package org.springframework.kafka.annotation does not exist
[ERROR] /C:/Users/abhis/Downloads/New folder/project/transaction-service/src/main/java/com/example/transactionservice/service/TransactionService.java:[6,41] package org.apache.kafka.clients.producer does not exist
[ERROR] /C:/Users/abhis/Downloads/New folder/project/transaction-service/src/main/java/com/example/transactionservice/service/TransactionService.java:[8,38] package org.springframework.kafka.core does not exist
[ERROR] /C:/Users/abhis/Downloads/New folder/project/transaction-service/src/main/java/com/example/transactionservice/consumer/TransactionEventConsumer.java:[22,41] cannot find symbol
[ERROR]   symbol:   class ConsumerRecord
[ERROR]   location: class com.example.transactionservice.consumer.TransactionEventConsumer
[ERROR] /C:/Users/abhis/Downloads/New folder/project/transaction-service/src/main/java/com/example/transactionservice/service/TransactionService.java:[20,13] cannot find symbol
[ERROR]   symbol:   class KafkaTemplate
[ERROR]   location: class com.example.transactionservice.service.TransactionService
[ERROR] /C:/Users/abhis/Downloads/New folder/project/transaction-service/src/main/java/com/example/transactionservice/consumer/TransactionEventConsumer.java:[21,6] cannot find symbol
[ERROR]   symbol:   class KafkaListener
[ERROR]   location: class com.example.transactionservice.consumer.TransactionEventConsumer
[ERROR] /C:/Users/abhis/Downloads/New folder/project/transaction-service/src/main/java/com/example/transactionservice/exception/TransactionExceptionHandler.java:[18,21] cannot find symbol
[ERROR]   symbol:   method setTimestamp(java.lang.String)
[ERROR]   location: variable errorDetails of type com.example.transactionservice.model.ErrorResponse
[ERROR] /C:/Users/abhis/Downloads/New folder/project/transaction-service/src/main/java/com/example/transactionservice/exception/TransactionExceptionHandler.java:[19,21] cannot find symbol
[ERROR]   symbol:   method setMessage(java.lang.String)
[ERROR]   location: variable errorDetails of type com.example.transactionservice.model.ErrorResponse
[ERROR] /C:/Users/abhis/Downloads/New folder/project/transaction-service/src/main/java/com/example/transactionservice/exception/TransactionExceptionHandler.java:[20,21] cannot find symbol
[ERROR]   symbol:   method setDetails(java.lang.String)
[ERROR]   location: variable errorDetails of type com.example.transactionservice.model.ErrorResponse
[ERROR] /C:/Users/abhis/Downloads/New folder/project/transaction-service/src/main/java/com/example/transactionservice/exception/TransactionExceptionHandler.java:[28,21] cannot find symbol
[ERROR]   symbol:   method setTimestamp(java.lang.String)
[ERROR]   location: variable errorDetails of type com.example.transactionservice.model.ErrorResponse
[ERROR] /C:/Users/abhis/Downloads/New folder/project/transaction-service/src/main/java/com/example/transactionservice/exception/TransactionExceptionHandler.java:[29,21] cannot find symbol
[ERROR]   symbol:   method setMessage(java.lang.String)
[ERROR]   location: variable errorDetails of type com.example.transactionservice.model.ErrorResponse
[ERROR] /C:/Users/abhis/Downloads/New folder/project/transaction-service/src/main/java/com/example/transactionservice/exception/TransactionExceptionHandler.java:[30,21] cannot find symbol
[ERROR]   symbol:   method setDetails(java.lang.String)
[ERROR]   location: variable errorDetails of type com.example.transactionservice.model.ErrorResponse
[ERROR] /C:/Users/abhis/Downloads/New folder/project/transaction-service/src/main/java/com/example/transactionservice/config/KafkaConfig.java:[23,19] cannot find symbol
[ERROR]   symbol:   variable ConsumerConfig
[ERROR]   location: class com.example.transactionservice.config.KafkaConfig
[ERROR] /C:/Users/abhis/Downloads/New folder/project/transaction-service/src/main/java/com/example/transactionservice/config/KafkaConfig.java:[24,19] cannot find symbol
[ERROR]   symbol:   variable ConsumerConfig
[ERROR]   location: class com.example.transactionservice.config.KafkaConfig
[ERROR] /C:/Users/abhis/Downloads/New folder/project/transaction-service/src/main/java/com/example/transactionservice/config/KafkaConfig.java:[25,19] cannot find symbol
[ERROR]   symbol:   variable ConsumerConfig
[ERROR]   location: class com.example.transactionservice.config.KafkaConfig
[ERROR] /C:/Users/abhis/Downloads/New folder/project/transaction-service/src/main/java/com/example/transactionservice/config/KafkaConfig.java:[25,65] cannot find symbol
[ERROR]   symbol:   class StringDeserializer
[ERROR]   location: class com.example.transactionservice.config.KafkaConfig
[ERROR] /C:/Users/abhis/Downloads/New folder/project/transaction-service/src/main/java/com/example/transactionservice/config/KafkaConfig.java:[26,19] cannot find symbol
[ERROR]   symbol:   variable ConsumerConfig
[ERROR]   location: class com.example.transactionservice.config.KafkaConfig
[ERROR] /C:/Users/abhis/Downloads/New folder/project/transaction-service/src/main/java/com/example/transactionservice/config/KafkaConfig.java:[26,67] cannot find symbol
[ERROR]   symbol:   class JsonDeserializer
[ERROR]   location: class com.example.transactionservice.config.KafkaConfig
[ERROR] /C:/Users/abhis/Downloads/New folder/project/transaction-service/src/main/java/com/example/transactionservice/config/KafkaConfig.java:[27,19] cannot find symbol
[ERROR]   symbol:   variable JsonDeserializer
[ERROR]   location: class com.example.transactionservice.config.KafkaConfig
[ERROR] /C:/Users/abhis/Downloads/New folder/project/transaction-service/src/main/java/com/example/transactionservice/config/KafkaConfig.java:[28,20] cannot find symbol
[ERROR]   symbol:   class DefaultKafkaConsumerFactory
[ERROR]   location: class com.example.transactionservice.config.KafkaConfig
[ERROR] /C:/Users/abhis/Downloads/New folder/project/transaction-service/src/main/java/com/example/transactionservice/config/KafkaConfig.java:[34,9] cannot find symbol
[ERROR]   symbol:   class ConcurrentKafkaListenerContainerFactory
[ERROR]   location: class com.example.transactionservice.config.KafkaConfig
[ERROR] /C:/Users/abhis/Downloads/New folder/project/transaction-service/src/main/java/com/example/transactionservice/config/KafkaConfig.java:[35,21] cannot find symbol
[ERROR]   symbol:   class ConcurrentKafkaListenerContainerFactory
[ERROR]   location: class com.example.transactionservice.config.KafkaConfig
[ERROR] /C:/Users/abhis/Downloads/New folder/project/transaction-service/src/main/java/com/example/transactionservice/consumer/TransactionEventConsumer.java:[24,66] cannot find symbol
[ERROR]   symbol:   method getEventType()
[ERROR]   location: variable event of type com.example.transactionservice.event.TransactionEvent
[ERROR] /C:/Users/abhis/Downloads/New folder/project/transaction-service/src/main/java/com/example/transactionservice/consumer/TransactionEventConsumer.java:[27,22] cannot find symbol
[ERROR]   symbol:   method getEventType()
[ERROR]   location: variable event of type com.example.transactionservice.event.TransactionEvent
[ERROR] /C:/Users/abhis/Downloads/New folder/project/transaction-service/src/main/java/com/example/transactionservice/consumer/TransactionEventConsumer.java:[31,60] cannot find symbol
[ERROR]   symbol:   method getTransactionId()
[ERROR]   location: variable event of type com.example.transactionservice.event.TransactionEvent
[ERROR] /C:/Users/abhis/Downloads/New folder/project/transaction-service/src/main/java/com/example/transactionservice/consumer/TransactionEventConsumer.java:[40,66] cannot find symbol
[ERROR]   symbol:   method getEventType()
[ERROR]   location: variable event of type com.example.transactionservice.event.TransactionEvent
[ERROR] /C:/Users/abhis/Downloads/New folder/project/transaction-service/src/main/java/com/example/transactionservice/service/TransactionService.java:[26,20] cannot find symbol
[ERROR]   symbol:   method setStatus(java.lang.String)
[ERROR]   location: variable transaction of type com.example.transactionservice.model.Transaction
[ERROR] /C:/Users/abhis/Downloads/New folder/project/transaction-service/src/main/java/com/example/transactionservice/service/TransactionService.java:[37,29] cannot find symbol
[ERROR]   symbol:   method getDescription()
[ERROR]   location: variable savedTransaction of type com.example.transactionservice.model.Transaction
[ERROR] /C:/Users/abhis/Downloads/New folder/project/transaction-service/src/main/java/com/example/transactionservice/service/TransactionService.java:[36,29] cannot find symbol
[ERROR]   symbol:   method getType()
[ERROR]   location: variable savedTransaction of type com.example.transactionservice.model.Transaction
[ERROR] /C:/Users/abhis/Downloads/New folder/project/transaction-service/src/main/java/com/example/transactionservice/service/TransactionService.java:[35,29] cannot find symbol
[ERROR]   symbol:   method getAmount()
[ERROR]   location: variable savedTransaction of type com.example.transactionservice.model.Transaction
[ERROR] /C:/Users/abhis/Downloads/New folder/project/transaction-service/src/main/java/com/example/transactionservice/service/TransactionService.java:[34,29] cannot find symbol
[ERROR]   symbol:   method getUserId()
[ERROR]   location: variable savedTransaction of type com.example.transactionservice.model.Transaction
[ERROR] /C:/Users/abhis/Downloads/New folder/project/transaction-service/src/main/java/com/example/transactionservice/service/TransactionService.java:[33,29] cannot find symbol
[ERROR]   symbol:   method getId()
[ERROR]   location: variable savedTransaction of type com.example.transactionservice.model.Transaction
[ERROR] /C:/Users/abhis/Downloads/New folder/project/transaction-service/src/main/java/com/example/transactionservice/service/TransactionService.java:[47,20] cannot find symbol
[ERROR]   symbol:   method setStatus(java.lang.String)
[ERROR]   location: variable transaction of type com.example.transactionservice.model.Transaction
[ERROR] /C:/Users/abhis/Downloads/New folder/project/transaction-service/src/main/java/com/example/transactionservice/service/TransactionService.java:[58,24] cannot find symbol
[ERROR]   symbol:   method getDescription()
[ERROR]   location: variable transaction of type com.example.transactionservice.model.Transaction
[ERROR] /C:/Users/abhis/Downloads/New folder/project/transaction-service/src/main/java/com/example/transactionservice/service/TransactionService.java:[57,24] cannot find symbol
[ERROR]   symbol:   method getType()
[ERROR]   location: variable transaction of type com.example.transactionservice.model.Transaction
[ERROR] /C:/Users/abhis/Downloads/New folder/project/transaction-service/src/main/java/com/example/transactionservice/service/TransactionService.java:[56,24] cannot find symbol
[ERROR]   symbol:   method getAmount()
[ERROR]   location: variable transaction of type com.example.transactionservice.model.Transaction
[ERROR] /C:/Users/abhis/Downloads/New folder/project/transaction-service/src/main/java/com/example/transactionservice/service/TransactionService.java:[55,24] cannot find symbol
[ERROR]   symbol:   method getUserId()
[ERROR]   location: variable transaction of type com.example.transactionservice.model.Transaction
[ERROR] /C:/Users/abhis/Downloads/New folder/project/transaction-service/src/main/java/com/example/transactionservice/service/TransactionService.java:[54,24] cannot find symbol
[ERROR]   symbol:   method getId()
[ERROR]   location: variable transaction of type com.example.transactionservice.model.Transaction
[ERROR] /C:/Users/abhis/Downloads/New folder/project/transaction-service/src/main/java/com/example/transactionservice/service/TransactionService.java:[66,20] cannot find symbol
[ERROR]   symbol:   method setStatus(java.lang.String)
[ERROR]   location: variable transaction of type com.example.transactionservice.model.Transaction
[ERROR] /C:/Users/abhis/Downloads/New folder/project/transaction-service/src/main/java/com/example/transactionservice/service/TransactionService.java:[77,24] cannot find symbol
[ERROR]   symbol:   method getDescription()
[ERROR]   location: variable transaction of type com.example.transactionservice.model.Transaction
[ERROR] /C:/Users/abhis/Downloads/New folder/project/transaction-service/src/main/java/com/example/transactionservice/service/TransactionService.java:[76,24] cannot find symbol
[ERROR]   symbol:   method getType()
[ERROR]   location: variable transaction of type com.example.transactionservice.model.Transaction
[ERROR] /C:/Users/abhis/Downloads/New folder/project/transaction-service/src/main/java/com/example/transactionservice/service/TransactionService.java:[75,24] cannot find symbol
[ERROR]   symbol:   method getAmount()
[ERROR]   location: variable transaction of type com.example.transactionservice.model.Transaction
[ERROR] /C:/Users/abhis/Downloads/New folder/project/transaction-service/src/main/java/com/example/transactionservice/service/TransactionService.java:[74,24] cannot find symbol
[ERROR]   symbol:   method getUserId()
[ERROR]   location: variable transaction of type com.example.transactionservice.model.Transaction
[ERROR] /C:/Users/abhis/Downloads/New folder/project/transaction-service/src/main/java/com/example/transactionservice/service/TransactionService.java:[73,24] cannot find symbol
[ERROR]   symbol:   method getId()
[ERROR]   location: variable transaction of type com.example.transactionservice.model.Transaction
[ERROR] /C:/Users/abhis/Downloads/New folder/project/transaction-service/src/main/java/com/example/transactionservice/filter/CorrelationIdFilter.java:[30,11] cannot find symbol
[ERROR]   symbol:   class HttpServletResponse
[ERROR]   location: class com.example.transactionservice.filter.CorrelationIdFilter
[ERROR] -> [Help 1]
[ERROR] 
[ERROR] To see the full stack trace of the errors, re-run Maven with the -e switch.
[ERROR] Re-run Maven using the -X switch to enable full debug logging.
[ERROR] 
[ERROR] For more information about the errors and possible solutions, please read the following articles:
[ERROR] [Help 1] http://cwiki.apache.org/confluence/display/MAVEN/MojoFailureException
