[INFO] Scanning for projects...
[INFO] 
[INFO] ----------------------< com.example:auth-service >----------------------
[INFO] Building auth-service 0.0.1-SNAPSHOT
[INFO]   from pom.xml
[INFO] --------------------------------[ jar ]---------------------------------
[INFO] 
[INFO] >>> spring-boot:3.1.5:run (default-cli) > test-compile @ auth-service >>>
[INFO] 
[INFO] --- resources:3.3.1:resources (default-resources) @ auth-service ---
[INFO] Copying 1 resource from src\main\resources to target\classes
[INFO] Copying 0 resource from src\main\resources to target\classes
[INFO] 
[INFO] --- compiler:3.11.0:compile (default-compile) @ auth-service ---
[INFO] Nothing to compile - all classes are up to date
[INFO] 
[INFO] --- resources:3.3.1:testResources (default-testResources) @ auth-service ---
[INFO] skip non existing resourceDirectory C:\Users\abhis\Downloads\New folder\project\auth-service\src\test\resources
[INFO] 
[INFO] --- compiler:3.11.0:testCompile (default-testCompile) @ auth-service ---
[INFO] Nothing to compile - all classes are up to date
[INFO] 
[INFO] <<< spring-boot:3.1.5:run (default-cli) < test-compile @ auth-service <<<
[INFO] 
[INFO] 
[INFO] --- spring-boot:3.1.5:run (default-cli) @ auth-service ---
[INFO] Attaching agents: []

  .   ____          _            __ _ _
 /\\ / ___'_ __ _ _(_)_ __  __ _ \ \ \ \
( ( )\___ | '_ | '_| | '_ \/ _` | \ \ \ \
 \\/  ___)| |_)| | | | | || (_| |  ) ) ) )
  '  |____| .__|_| |_|_| |_\__, | / / / /
 =========|_|==============|___/=/_/_/_/
 :: Spring Boot ::                (v3.1.5)

2026-10-03 12:23:50 - Starting AuthServiceApplication using Java 25.0.4.1 with PID 12296 (C:\Users\abhis\Downloads\New folder\project\auth-service\target\classes started by abhis in C:\Users\abhis\Downloads\New folder\project\auth-service)
2026-10-03 12:23:50 - No active profile set, falling back to 1 default profile: "default"
2026-10-03 12:23:51 - Bootstrapping Spring Data JPA repositories in DEFAULT mode.
2026-10-03 12:23:51 - Finished Spring Data repository scanning in 60 ms. Found 1 JPA repository interfaces.
WARNING: A restricted method in java.lang.System has been called
WARNING: java.lang.System::load has been called by org.apache.tomcat.jni.Library in an unnamed module (file:/C:/Users/abhis/.m2/repository/org/apache/tomcat/embed/tomcat-embed-core/10.1.15/tomcat-embed-core-10.1.15.jar)
WARNING: Use --enable-native-access=ALL-UNNAMED to avoid a warning for callers in this module
WARNING: Restricted methods will be blocked in a future release unless native access is enabled

2026-10-03 12:23:52 - Tomcat initialized with port(s): 8081 (http)
2026-10-03 12:23:52 - Starting service [Tomcat]
2026-10-03 12:23:52 - Starting Servlet engine: [Apache Tomcat/10.1.15]
2026-10-03 12:23:52 - Initializing Spring embedded WebApplicationContext
2026-10-03 12:23:52 - Root WebApplicationContext: initialization completed in 2184 ms
2026-10-03 12:23:52 - HikariPool-1 - Starting...
2026-10-03 12:23:52 - HikariPool-1 - Added connection conn0: url=jdbc:h2:mem:authdb user=SA
2026-10-03 12:23:53 - HikariPool-1 - Start completed.
2026-10-03 12:23:53 - HHH000204: Processing PersistenceUnitInfo [name: default]
2026-10-03 12:23:53 - HHH000412: Hibernate ORM core version 6.2.13.Final
2026-10-03 12:23:53 - HHH000406: Using bytecode reflection optimizer
2026-10-03 12:23:53 - No LoadTimeWeaver setup: ignoring JPA class transformer
2026-10-03 12:23:53 - HHH90000025: H2Dialect does not need to be specified explicitly using 'hibernate.dialect' (remove the property setting and it will be selected by default)
2026-10-03 12:23:54 - HHH000489: No JTA platform available (set 'hibernate.transaction.jta.platform' to enable JTA platform integration)
2026-10-03 12:23:54 - Initialized JPA EntityManagerFactory for persistence unit 'default'
2026-10-03 12:23:55 - spring.jpa.open-in-view is enabled by default. Therefore, database queries may be performed during view rendering. Explicitly configure spring.jpa.open-in-view to disable this warning
2026-10-03 12:23:55 - Exposing 2 endpoint(s) beneath base path '/actuator'
2026-10-03 12:23:55 - Will secure any request with [org.springframework.security.web.session.DisableEncodeUrlFilter@5a20f793, org.springframework.security.web.context.request.async.WebAsyncManagerIntegrationFilter@211cf27b, org.springframework.security.web.context.SecurityContextHolderFilter@a7fd77f, org.springframework.security.web.header.HeaderWriterFilter@5418893c, org.springframework.security.web.authentication.logout.LogoutFilter@62977afb, org.springframework.security.web.authentication.www.BasicAuthenticationFilter@1ccce165, org.springframework.security.web.savedrequest.RequestCacheAwareFilter@3006aef5, org.springframework.security.web.servletapi.SecurityContextHolderAwareRequestFilter@62158618, org.springframework.security.web.authentication.AnonymousAuthenticationFilter@4e0139, org.springframework.security.web.session.SessionManagementFilter@6344004d, org.springframework.security.web.access.ExceptionTranslationFilter@3a574a3b, org.springframework.security.web.access.intercept.AuthorizationFilter@1e37cb10]
2026-10-03 12:23:56 - Tomcat started on port(s): 8081 (http) with context path ''
2026-10-03 12:23:56 - Started AuthServiceApplication in 6.915 seconds (process running for 7.335)
2026-10-03 12:24:01 - Initializing Spring DispatcherServlet 'dispatcherServlet'
2026-10-03 12:24:01 - Initializing Servlet 'dispatcherServlet'
2026-10-03 12:24:01 - Completed initialization in 1 ms
